{"timestamp":"2026-04-29T11:33:26.113959Z","level":"info","event":"DAG bundles loaded: dags-folder, example_dags","logger":"airflow.dag_processing.bundles.manager.DagBundlesManager","filename":"manager.py","lineno":209}
{"timestamp":"2026-04-29T11:33:26.115766Z","level":"info","event":"Filling up the DagBag from /opt/airflow/dags/airline_dwh_dag.py","logger":"airflow.dag_processing.dagbag.BundleDagBag","filename":"dagbag.py","lineno":469}
{"timestamp":"2026-04-29T11:33:26.190386Z","level":"info","event":"Task instance is in running state","logger":"task.stdout"}
{"timestamp":"2026-04-29T11:33:26.191224Z","level":"info","event":" Previous state of the Task instance: TaskInstanceState.QUEUED","logger":"task.stdout"}
{"timestamp":"2026-04-29T11:33:26.191547Z","level":"info","event":"Current task name:call_load_dimensions","logger":"task.stdout"}
{"timestamp":"2026-04-29T11:33:26.191820Z","level":"info","event":"Dag name:airline_dwh_pipeline","logger":"task.stdout"}
{"timestamp":"2026-04-29T11:33:26.191181Z","level":"info","event":"Executing: BEGIN; CALL core.load_dimensions(); COMMIT;","logger":"airflow.task.operators.airflow.providers.common.sql.operators.sql.SQLExecuteQueryOperator","filename":"sql.py","lineno":410}
{"timestamp":"2026-04-29T11:33:26.352379Z","level":"warning","event":"urllib3 (2.6.3) or chardet (6.0.0.post1)/charset_normalizer (3.4.7) doesn't match a supported version!","category":"RequestsDependencyWarning","filename":"/home/airflow/.local/lib/python3.13/site-packages/snowflake/connector/vendored/requests/__init__.py","lineno":113,"logger":"py.warnings"}
{"timestamp":"2026-04-29T11:33:26.455417Z","level":"info","event":"Snowflake Connector for Python Version: 4.4.0, Python Version: 3.13.13, Platform: Linux-6.6.87.2-microsoft-standard-WSL2-x86_64-with-glibc2.36","logger":"snowflake.connector.connection","filename":"connection.py","lineno":620}
{"timestamp":"2026-04-29T11:33:26.456091Z","level":"info","event":"Connecting to GLOBAL Snowflake domain","logger":"snowflake.connector.connection","filename":"connection.py","lineno":1716}
{"timestamp":"2026-04-29T11:33:27.998067Z","level":"info","event":"Running statement: BEGIN;, parameters: None","logger":"airflow.task.hooks.airflow.providers.snowflake.hooks.snowflake.SnowflakeHook","filename":"snowflake.py","lineno":784}
{"timestamp":"2026-04-29T11:33:27.998278Z","level":"info","event":"Running statement: BEGIN;, parameters: None","logger":"airflow.task.hooks.airflow.providers.snowflake.hooks.snowflake.SnowflakeHook","filename":"sql.py","lineno":861}
{"timestamp":"2026-04-29T11:33:28.582755Z","level":"info","event":"Rows affected: 1","logger":"airflow.task.hooks.airflow.providers.snowflake.hooks.snowflake.SnowflakeHook","filename":"sql.py","lineno":879}
{"timestamp":"2026-04-29T11:33:28.583117Z","level":"info","event":"Rows affected: 1","logger":"airflow.task.hooks.airflow.providers.snowflake.hooks.snowflake.SnowflakeHook","filename":"snowflake.py","lineno":797}
{"timestamp":"2026-04-29T11:33:28.583231Z","level":"info","event":"Snowflake query id: 01c40835-0005-2dea-0001-614e000a8e06","logger":"airflow.task.hooks.airflow.providers.snowflake.hooks.snowflake.SnowflakeHook","filename":"snowflake.py","lineno":798}
{"timestamp":"2026-04-29T11:33:28.583315Z","level":"info","event":"Running statement: CALL core.load_dimensions();, parameters: None","logger":"airflow.task.hooks.airflow.providers.snowflake.hooks.snowflake.SnowflakeHook","filename":"snowflake.py","lineno":784}
{"timestamp":"2026-04-29T11:33:28.583383Z","level":"info","event":"Running statement: CALL core.load_dimensions();, parameters: None","logger":"airflow.task.hooks.airflow.providers.snowflake.hooks.snowflake.SnowflakeHook","filename":"sql.py","lineno":861}
{"timestamp":"2026-04-29T11:33:32.177039Z","level":"info","event":"Rows affected: 1","logger":"airflow.task.hooks.airflow.providers.snowflake.hooks.snowflake.SnowflakeHook","filename":"sql.py","lineno":879}
{"timestamp":"2026-04-29T11:33:32.177276Z","level":"info","event":"Rows affected: 1","logger":"airflow.task.hooks.airflow.providers.snowflake.hooks.snowflake.SnowflakeHook","filename":"snowflake.py","lineno":797}
{"timestamp":"2026-04-29T11:33:32.177343Z","level":"info","event":"Snowflake query id: 01c40835-0005-2e72-0001-614e000aae8e","logger":"airflow.task.hooks.airflow.providers.snowflake.hooks.snowflake.SnowflakeHook","filename":"snowflake.py","lineno":798}
{"timestamp":"2026-04-29T11:33:32.177384Z","level":"info","event":"Running statement: COMMIT;, parameters: None","logger":"airflow.task.hooks.airflow.providers.snowflake.hooks.snowflake.SnowflakeHook","filename":"snowflake.py","lineno":784}
{"timestamp":"2026-04-29T11:33:32.177418Z","level":"info","event":"Running statement: COMMIT;, parameters: None","logger":"airflow.task.hooks.airflow.providers.snowflake.hooks.snowflake.SnowflakeHook","filename":"sql.py","lineno":861}
{"timestamp":"2026-04-29T11:33:32.733343Z","level":"info","event":"Rows affected: 1","logger":"airflow.task.hooks.airflow.providers.snowflake.hooks.snowflake.SnowflakeHook","filename":"sql.py","lineno":879}
{"timestamp":"2026-04-29T11:33:32.733542Z","level":"info","event":"Rows affected: 1","logger":"airflow.task.hooks.airflow.providers.snowflake.hooks.snowflake.SnowflakeHook","filename":"snowflake.py","lineno":797}
{"timestamp":"2026-04-29T11:33:32.733611Z","level":"info","event":"Snowflake query id: 01c40835-0005-2e72-0001-614e000aaed2","logger":"airflow.task.hooks.airflow.providers.snowflake.hooks.snowflake.SnowflakeHook","filename":"snowflake.py","lineno":798}
{"timestamp":"2026-04-29T11:33:32.959928Z","level":"info","event":"Pushing xcom","ti":"RuntimeTaskInstance(id=UUID('019dd903-c118-78e3-bab5-3acf2a80365c'), task_id='call_load_dimensions', dag_id='airline_dwh_pipeline', run_id='manual__2026-04-29T11:33:15.140517+00:00', try_number=1, dag_version_id=UUID('019dd885-b187-79c4-a461-a52ccf433d8e'), map_index=-1, hostname='30791c28725d', context_carrier={'traceparent': '00-d20d281dd8f372a95c1dc35154b2467f-a4a0cefc3ddefe4f-01'}, task=<Task(SQLExecuteQueryOperator): call_load_dimensions>, bundle_instance=LocalDagBundle(name=dags-folder), max_tries=1, start_date=datetime.datetime(2026, 4, 29, 11, 33, 25, 673269, tzinfo=datetime.timezone.utc), end_date=None, state=<TaskInstanceState.RUNNING: 'running'>, is_mapped=False, rendered_map_index=None, sentry_integration='')","logger":"task","filename":"task_runner.py","lineno":1724}
{"timestamp":"2026-04-29T11:33:32.993025Z","level":"info","event":"Task instance in success state","logger":"task.stdout"}
{"timestamp":"2026-04-29T11:33:32.993444Z","level":"info","event":" Previous state of the Task instance: TaskInstanceState.RUNNING","logger":"task.stdout"}
{"timestamp":"2026-04-29T11:33:32.993811Z","level":"info","event":"Task operator:<Task(SQLExecuteQueryOperator): call_load_dimensions>","logger":"task.stdout"}
