{"timestamp":"2026-04-29T12:28:27.326090Z","level":"info","event":"DAG bundles loaded: dags-folder, example_dags","logger":"airflow.dag_processing.bundles.manager.DagBundlesManager","filename":"manager.py","lineno":209}
{"timestamp":"2026-04-29T12:28:27.327723Z","level":"info","event":"Filling up the DagBag from /opt/airflow/dags/airline_dwh_dag.py","logger":"airflow.dag_processing.dagbag.BundleDagBag","filename":"dagbag.py","lineno":469}
{"timestamp":"2026-04-29T12:28:27.376640Z","level":"info","event":"Task instance is in running state","logger":"task.stdout"}
{"timestamp":"2026-04-29T12:28:27.377247Z","level":"info","event":" Previous state of the Task instance: TaskInstanceState.QUEUED","logger":"task.stdout"}
{"timestamp":"2026-04-29T12:28:27.377495Z","level":"info","event":"Current task name:call_load_fact","logger":"task.stdout"}
{"timestamp":"2026-04-29T12:28:27.377690Z","level":"info","event":"Dag name:airline_dwh_pipeline","logger":"task.stdout"}
{"timestamp":"2026-04-29T12:28:27.377274Z","level":"info","event":"Executing: BEGIN; CALL core.load_fact_flight(); COMMIT;","logger":"airflow.task.operators.airflow.providers.common.sql.operators.sql.SQLExecuteQueryOperator","filename":"sql.py","lineno":410}
{"timestamp":"2026-04-29T12:28:27.511399Z","level":"warning","event":"urllib3 (2.6.3) or chardet (6.0.0.post1)/charset_normalizer (3.4.7) doesn't match a supported version!","category":"RequestsDependencyWarning","filename":"/home/airflow/.local/lib/python3.13/site-packages/snowflake/connector/vendored/requests/__init__.py","lineno":113,"logger":"py.warnings"}
{"timestamp":"2026-04-29T12:28:27.583612Z","level":"info","event":"Snowflake Connector for Python Version: 4.4.0, Python Version: 3.13.13, Platform: Linux-6.6.87.2-microsoft-standard-WSL2-x86_64-with-glibc2.36","logger":"snowflake.connector.connection","filename":"connection.py","lineno":620}
{"timestamp":"2026-04-29T12:28:27.584093Z","level":"info","event":"Connecting to GLOBAL Snowflake domain","logger":"snowflake.connector.connection","filename":"connection.py","lineno":1716}
{"timestamp":"2026-04-29T12:28:29.174338Z","level":"info","event":"Running statement: BEGIN;, parameters: None","logger":"airflow.task.hooks.airflow.providers.snowflake.hooks.snowflake.SnowflakeHook","filename":"snowflake.py","lineno":784}
{"timestamp":"2026-04-29T12:28:29.174473Z","level":"info","event":"Running statement: BEGIN;, parameters: None","logger":"airflow.task.hooks.airflow.providers.snowflake.hooks.snowflake.SnowflakeHook","filename":"sql.py","lineno":861}
{"timestamp":"2026-04-29T12:28:29.607376Z","level":"info","event":"Rows affected: 1","logger":"airflow.task.hooks.airflow.providers.snowflake.hooks.snowflake.SnowflakeHook","filename":"sql.py","lineno":879}
{"timestamp":"2026-04-29T12:28:29.607602Z","level":"info","event":"Rows affected: 1","logger":"airflow.task.hooks.airflow.providers.snowflake.hooks.snowflake.SnowflakeHook","filename":"snowflake.py","lineno":797}
{"timestamp":"2026-04-29T12:28:29.607648Z","level":"info","event":"Snowflake query id: 01c4086c-0005-2e8b-0001-614e000c840a","logger":"airflow.task.hooks.airflow.providers.snowflake.hooks.snowflake.SnowflakeHook","filename":"snowflake.py","lineno":798}
{"timestamp":"2026-04-29T12:28:29.607681Z","level":"info","event":"Running statement: CALL core.load_fact_flight();, parameters: None","logger":"airflow.task.hooks.airflow.providers.snowflake.hooks.snowflake.SnowflakeHook","filename":"snowflake.py","lineno":784}
{"timestamp":"2026-04-29T12:28:29.607712Z","level":"info","event":"Running statement: CALL core.load_fact_flight();, parameters: None","logger":"airflow.task.hooks.airflow.providers.snowflake.hooks.snowflake.SnowflakeHook","filename":"sql.py","lineno":861}
{"timestamp":"2026-04-29T12:28:33.246977Z","level":"info","event":"Rows affected: 1","logger":"airflow.task.hooks.airflow.providers.snowflake.hooks.snowflake.SnowflakeHook","filename":"sql.py","lineno":879}
{"timestamp":"2026-04-29T12:28:33.247216Z","level":"info","event":"Rows affected: 1","logger":"airflow.task.hooks.airflow.providers.snowflake.hooks.snowflake.SnowflakeHook","filename":"snowflake.py","lineno":797}
{"timestamp":"2026-04-29T12:28:33.247273Z","level":"info","event":"Snowflake query id: 01c4086c-0005-2dea-0001-614e000c749e","logger":"airflow.task.hooks.airflow.providers.snowflake.hooks.snowflake.SnowflakeHook","filename":"snowflake.py","lineno":798}
{"timestamp":"2026-04-29T12:28:33.247314Z","level":"info","event":"Running statement: COMMIT;, parameters: None","logger":"airflow.task.hooks.airflow.providers.snowflake.hooks.snowflake.SnowflakeHook","filename":"snowflake.py","lineno":784}
{"timestamp":"2026-04-29T12:28:33.247348Z","level":"info","event":"Running statement: COMMIT;, parameters: None","logger":"airflow.task.hooks.airflow.providers.snowflake.hooks.snowflake.SnowflakeHook","filename":"sql.py","lineno":861}
{"timestamp":"2026-04-29T12:28:33.509317Z","level":"info","event":"Rows affected: 1","logger":"airflow.task.hooks.airflow.providers.snowflake.hooks.snowflake.SnowflakeHook","filename":"sql.py","lineno":879}
{"timestamp":"2026-04-29T12:28:33.509511Z","level":"info","event":"Rows affected: 1","logger":"airflow.task.hooks.airflow.providers.snowflake.hooks.snowflake.SnowflakeHook","filename":"snowflake.py","lineno":797}
{"timestamp":"2026-04-29T12:28:33.509578Z","level":"info","event":"Snowflake query id: 01c4086c-0005-2e03-0001-614e000c671a","logger":"airflow.task.hooks.airflow.providers.snowflake.hooks.snowflake.SnowflakeHook","filename":"snowflake.py","lineno":798}
{"timestamp":"2026-04-29T12:28:33.724020Z","level":"info","event":"Pushing xcom","ti":"RuntimeTaskInstance(id=UUID('019dd931-b1f1-7250-8d36-4dbef1dfa3c6'), task_id='call_load_fact', dag_id='airline_dwh_pipeline', run_id='manual__2026-04-29T12:22:53.467974+00:00', try_number=2, dag_version_id=UUID('019dd885-b187-79c4-a461-a52ccf433d8e'), map_index=-1, hostname='30791c28725d', context_carrier={'traceparent': '00-298cd1a4e0624a4c8741fb08a4f57ebb-b2a0ea8d4bc7dedd-01'}, task=<Task(SQLExecuteQueryOperator): call_load_fact>, bundle_instance=LocalDagBundle(name=dags-folder), max_tries=1, start_date=datetime.datetime(2026, 4, 29, 12, 28, 27, 31276, tzinfo=datetime.timezone.utc), end_date=None, state=<TaskInstanceState.RUNNING: 'running'>, is_mapped=False, rendered_map_index=None, sentry_integration='')","logger":"task","filename":"task_runner.py","lineno":1724}
{"timestamp":"2026-04-29T12:28:33.758245Z","level":"info","event":"Task instance in success state","logger":"task.stdout"}
{"timestamp":"2026-04-29T12:28:33.758902Z","level":"info","event":" Previous state of the Task instance: TaskInstanceState.RUNNING","logger":"task.stdout"}
{"timestamp":"2026-04-29T12:28:33.759221Z","level":"info","event":"Task operator:<Task(SQLExecuteQueryOperator): call_load_fact>","logger":"task.stdout"}
