{"timestamp":"2026-04-29T11:41:04.941477Z","level":"info","event":"DAG bundles loaded: dags-folder, example_dags","logger":"airflow.dag_processing.bundles.manager.DagBundlesManager","filename":"manager.py","lineno":209}
{"timestamp":"2026-04-29T11:41:04.942974Z","level":"info","event":"Filling up the DagBag from /opt/airflow/dags/airline_dwh_dag.py","logger":"airflow.dag_processing.dagbag.BundleDagBag","filename":"dagbag.py","lineno":469}
{"timestamp":"2026-04-29T11:41:05.034861Z","level":"info","event":"Task instance is in running state","logger":"task.stdout"}
{"timestamp":"2026-04-29T11:41:05.035938Z","level":"info","event":" Previous state of the Task instance: TaskInstanceState.QUEUED","logger":"task.stdout"}
{"timestamp":"2026-04-29T11:41:05.036702Z","level":"info","event":"Current task name:call_refresh_mart","logger":"task.stdout"}
{"timestamp":"2026-04-29T11:41:05.037118Z","level":"info","event":"Dag name:airline_dwh_pipeline","logger":"task.stdout"}
{"timestamp":"2026-04-29T11:41:05.037494Z","level":"info","event":"Executing: BEGIN; CALL mart.refresh_mart(); COMMIT;","logger":"airflow.task.operators.airflow.providers.common.sql.operators.sql.SQLExecuteQueryOperator","filename":"sql.py","lineno":410}
{"timestamp":"2026-04-29T11:41:05.190362Z","level":"warning","event":"urllib3 (2.6.3) or chardet (6.0.0.post1)/charset_normalizer (3.4.7) doesn't match a supported version!","category":"RequestsDependencyWarning","filename":"/home/airflow/.local/lib/python3.13/site-packages/snowflake/connector/vendored/requests/__init__.py","lineno":113,"logger":"py.warnings"}
{"timestamp":"2026-04-29T11:41:05.306445Z","level":"info","event":"Snowflake Connector for Python Version: 4.4.0, Python Version: 3.13.13, Platform: Linux-6.6.87.2-microsoft-standard-WSL2-x86_64-with-glibc2.36","logger":"snowflake.connector.connection","filename":"connection.py","lineno":620}
{"timestamp":"2026-04-29T11:41:05.306992Z","level":"info","event":"Connecting to GLOBAL Snowflake domain","logger":"snowflake.connector.connection","filename":"connection.py","lineno":1716}
{"timestamp":"2026-04-29T11:41:06.065445Z","level":"info","event":"Running statement: BEGIN;, parameters: None","logger":"airflow.task.hooks.airflow.providers.snowflake.hooks.snowflake.SnowflakeHook","filename":"snowflake.py","lineno":784}
{"timestamp":"2026-04-29T11:41:06.065593Z","level":"info","event":"Running statement: BEGIN;, parameters: None","logger":"airflow.task.hooks.airflow.providers.snowflake.hooks.snowflake.SnowflakeHook","filename":"sql.py","lineno":861}
{"timestamp":"2026-04-29T11:41:06.516590Z","level":"info","event":"Rows affected: 1","logger":"airflow.task.hooks.airflow.providers.snowflake.hooks.snowflake.SnowflakeHook","filename":"sql.py","lineno":879}
{"timestamp":"2026-04-29T11:41:06.516818Z","level":"info","event":"Rows affected: 1","logger":"airflow.task.hooks.airflow.providers.snowflake.hooks.snowflake.SnowflakeHook","filename":"snowflake.py","lineno":797}
{"timestamp":"2026-04-29T11:41:06.516866Z","level":"info","event":"Snowflake query id: 01c4083d-0005-2e8b-0001-614e000af5ba","logger":"airflow.task.hooks.airflow.providers.snowflake.hooks.snowflake.SnowflakeHook","filename":"snowflake.py","lineno":798}
{"timestamp":"2026-04-29T11:41:06.516903Z","level":"info","event":"Running statement: CALL mart.refresh_mart();, parameters: None","logger":"airflow.task.hooks.airflow.providers.snowflake.hooks.snowflake.SnowflakeHook","filename":"snowflake.py","lineno":784}
{"timestamp":"2026-04-29T11:41:06.516936Z","level":"info","event":"Running statement: CALL mart.refresh_mart();, parameters: None","logger":"airflow.task.hooks.airflow.providers.snowflake.hooks.snowflake.SnowflakeHook","filename":"sql.py","lineno":861}
{"timestamp":"2026-04-29T11:41:08.500537Z","level":"info","event":"Rows affected: 1","logger":"airflow.task.hooks.airflow.providers.snowflake.hooks.snowflake.SnowflakeHook","filename":"sql.py","lineno":879}
{"timestamp":"2026-04-29T11:41:08.500737Z","level":"info","event":"Rows affected: 1","logger":"airflow.task.hooks.airflow.providers.snowflake.hooks.snowflake.SnowflakeHook","filename":"snowflake.py","lineno":797}
{"timestamp":"2026-04-29T11:41:08.500798Z","level":"info","event":"Snowflake query id: 01c4083d-0005-2dea-0001-614e000aed82","logger":"airflow.task.hooks.airflow.providers.snowflake.hooks.snowflake.SnowflakeHook","filename":"snowflake.py","lineno":798}
{"timestamp":"2026-04-29T11:41:08.500833Z","level":"info","event":"Running statement: COMMIT;, parameters: None","logger":"airflow.task.hooks.airflow.providers.snowflake.hooks.snowflake.SnowflakeHook","filename":"snowflake.py","lineno":784}
{"timestamp":"2026-04-29T11:41:08.500863Z","level":"info","event":"Running statement: COMMIT;, parameters: None","logger":"airflow.task.hooks.airflow.providers.snowflake.hooks.snowflake.SnowflakeHook","filename":"sql.py","lineno":861}
{"timestamp":"2026-04-29T11:41:08.709122Z","level":"info","event":"Rows affected: 1","logger":"airflow.task.hooks.airflow.providers.snowflake.hooks.snowflake.SnowflakeHook","filename":"sql.py","lineno":879}
{"timestamp":"2026-04-29T11:41:08.709334Z","level":"info","event":"Rows affected: 1","logger":"airflow.task.hooks.airflow.providers.snowflake.hooks.snowflake.SnowflakeHook","filename":"snowflake.py","lineno":797}
{"timestamp":"2026-04-29T11:41:08.709383Z","level":"info","event":"Snowflake query id: 01c4083d-0005-2e72-0001-614e000b01ea","logger":"airflow.task.hooks.airflow.providers.snowflake.hooks.snowflake.SnowflakeHook","filename":"snowflake.py","lineno":798}
{"timestamp":"2026-04-29T11:41:08.959950Z","level":"info","event":"Pushing xcom","ti":"RuntimeTaskInstance(id=UUID('019dd90a-c021-7777-8a86-c74791b34399'), task_id='call_refresh_mart', dag_id='airline_dwh_pipeline', run_id='manual__2026-04-29T11:33:15.140517+00:00', try_number=2, dag_version_id=UUID('019dd885-b187-79c4-a461-a52ccf433d8e'), map_index=-1, hostname='30791c28725d', context_carrier={'traceparent': '00-73a201f70337f31c1b0c178ead5b1315-34e187f836f772e4-01'}, task=<Task(SQLExecuteQueryOperator): call_refresh_mart>, bundle_instance=LocalDagBundle(name=dags-folder), max_tries=2, start_date=datetime.datetime(2026, 4, 29, 11, 41, 4, 563744, tzinfo=datetime.timezone.utc), end_date=None, state=<TaskInstanceState.RUNNING: 'running'>, is_mapped=False, rendered_map_index=None, sentry_integration='')","logger":"task","filename":"task_runner.py","lineno":1724}
{"timestamp":"2026-04-29T11:41:08.995176Z","level":"info","event":"Task instance in success state","logger":"task.stdout"}
{"timestamp":"2026-04-29T11:41:08.995549Z","level":"info","event":" Previous state of the Task instance: TaskInstanceState.RUNNING","logger":"task.stdout"}
{"timestamp":"2026-04-29T11:41:08.995961Z","level":"info","event":"Task operator:<Task(SQLExecuteQueryOperator): call_refresh_mart>","logger":"task.stdout"}
