{"timestamp":"2026-04-29T10:51:49.635311Z","level":"info","event":"DAG bundles loaded: dags-folder, example_dags","logger":"airflow.dag_processing.bundles.manager.DagBundlesManager","filename":"manager.py","lineno":209}
{"timestamp":"2026-04-29T10:51:49.636820Z","level":"info","event":"Filling up the DagBag from /opt/airflow/dags/airline_dwh_dag.py","logger":"airflow.dag_processing.dagbag.BundleDagBag","filename":"dagbag.py","lineno":469}
{"timestamp":"2026-04-29T10:51:49.695676Z","level":"info","event":"Task instance is in running state","logger":"task.stdout"}
{"timestamp":"2026-04-29T10:51:49.696216Z","level":"info","event":" Previous state of the Task instance: TaskInstanceState.QUEUED","logger":"task.stdout"}
{"timestamp":"2026-04-29T10:51:49.696542Z","level":"info","event":"Current task name:call_load_dimensions","logger":"task.stdout"}
{"timestamp":"2026-04-29T10:51:49.696761Z","level":"info","event":"Dag name:airline_dwh_pipeline","logger":"task.stdout"}
{"timestamp":"2026-04-29T10:51:49.696199Z","level":"info","event":"Executing: BEGIN; CALL core.load_dimensions(); COMMIT;","logger":"airflow.task.operators.airflow.providers.common.sql.operators.sql.SQLExecuteQueryOperator","filename":"sql.py","lineno":410}
{"timestamp":"2026-04-29T10:51:49.813566Z","level":"warning","event":"urllib3 (2.6.3) or chardet (6.0.0.post1)/charset_normalizer (3.4.7) doesn't match a supported version!","category":"RequestsDependencyWarning","filename":"/home/airflow/.local/lib/python3.13/site-packages/snowflake/connector/vendored/requests/__init__.py","lineno":113,"logger":"py.warnings"}
{"timestamp":"2026-04-29T10:51:49.888308Z","level":"info","event":"Snowflake Connector for Python Version: 4.4.0, Python Version: 3.13.13, Platform: Linux-6.6.87.2-microsoft-standard-WSL2-x86_64-with-glibc2.36","logger":"snowflake.connector.connection","filename":"connection.py","lineno":620}
{"timestamp":"2026-04-29T10:51:49.888843Z","level":"info","event":"Connecting to GLOBAL Snowflake domain","logger":"snowflake.connector.connection","filename":"connection.py","lineno":1716}
{"timestamp":"2026-04-29T10:51:51.649047Z","level":"info","event":"Running statement: BEGIN;, parameters: None","logger":"airflow.task.hooks.airflow.providers.snowflake.hooks.snowflake.SnowflakeHook","filename":"snowflake.py","lineno":784}
{"timestamp":"2026-04-29T10:51:51.649272Z","level":"info","event":"Running statement: BEGIN;, parameters: None","logger":"airflow.task.hooks.airflow.providers.snowflake.hooks.snowflake.SnowflakeHook","filename":"sql.py","lineno":861}
{"timestamp":"2026-04-29T10:51:52.130026Z","level":"info","event":"Rows affected: 1","logger":"airflow.task.hooks.airflow.providers.snowflake.hooks.snowflake.SnowflakeHook","filename":"sql.py","lineno":879}
{"timestamp":"2026-04-29T10:51:52.130253Z","level":"info","event":"Rows affected: 1","logger":"airflow.task.hooks.airflow.providers.snowflake.hooks.snowflake.SnowflakeHook","filename":"snowflake.py","lineno":797}
{"timestamp":"2026-04-29T10:51:52.130337Z","level":"info","event":"Snowflake query id: 01c4080b-0005-2dea-0001-614e0009395a","logger":"airflow.task.hooks.airflow.providers.snowflake.hooks.snowflake.SnowflakeHook","filename":"snowflake.py","lineno":798}
{"timestamp":"2026-04-29T10:51:52.130377Z","level":"info","event":"Running statement: CALL core.load_dimensions();, parameters: None","logger":"airflow.task.hooks.airflow.providers.snowflake.hooks.snowflake.SnowflakeHook","filename":"snowflake.py","lineno":784}
{"timestamp":"2026-04-29T10:51:52.130421Z","level":"info","event":"Running statement: CALL core.load_dimensions();, parameters: None","logger":"airflow.task.hooks.airflow.providers.snowflake.hooks.snowflake.SnowflakeHook","filename":"sql.py","lineno":861}
{"timestamp":"2026-04-29T11:08:43.649180Z","level":"info","event":"Rows affected: 1","logger":"airflow.task.hooks.airflow.providers.snowflake.hooks.snowflake.SnowflakeHook","filename":"sql.py","lineno":879}
{"timestamp":"2026-04-29T11:08:43.649451Z","level":"info","event":"Rows affected: 1","logger":"airflow.task.hooks.airflow.providers.snowflake.hooks.snowflake.SnowflakeHook","filename":"snowflake.py","lineno":797}
{"timestamp":"2026-04-29T11:08:43.649514Z","level":"info","event":"Snowflake query id: 01c4080b-0005-2e72-0001-614e000953c6","logger":"airflow.task.hooks.airflow.providers.snowflake.hooks.snowflake.SnowflakeHook","filename":"snowflake.py","lineno":798}
{"timestamp":"2026-04-29T11:08:43.649553Z","level":"info","event":"Running statement: COMMIT;, parameters: None","logger":"airflow.task.hooks.airflow.providers.snowflake.hooks.snowflake.SnowflakeHook","filename":"snowflake.py","lineno":784}
{"timestamp":"2026-04-29T11:08:43.649587Z","level":"info","event":"Running statement: COMMIT;, parameters: None","logger":"airflow.task.hooks.airflow.providers.snowflake.hooks.snowflake.SnowflakeHook","filename":"sql.py","lineno":861}
{"timestamp":"2026-04-29T11:08:44.253889Z","level":"info","event":"Rows affected: 1","logger":"airflow.task.hooks.airflow.providers.snowflake.hooks.snowflake.SnowflakeHook","filename":"sql.py","lineno":879}
{"timestamp":"2026-04-29T11:08:44.254107Z","level":"info","event":"Rows affected: 1","logger":"airflow.task.hooks.airflow.providers.snowflake.hooks.snowflake.SnowflakeHook","filename":"snowflake.py","lineno":797}
{"timestamp":"2026-04-29T11:08:44.254167Z","level":"info","event":"Snowflake query id: 01c4081c-0005-2e95-0001-614e0009e5de","logger":"airflow.task.hooks.airflow.providers.snowflake.hooks.snowflake.SnowflakeHook","filename":"snowflake.py","lineno":798}
{"timestamp":"2026-04-29T11:08:44.521377Z","level":"info","event":"Pushing xcom","ti":"RuntimeTaskInstance(id=UUID('019dd8dd-99de-7077-ba50-5c9cb2679df0'), task_id='call_load_dimensions', dag_id='airline_dwh_pipeline', run_id='manual__2026-04-29T10:51:34.734790+00:00', try_number=1, dag_version_id=UUID('019dd885-b187-79c4-a461-a52ccf433d8e'), map_index=-1, hostname='30791c28725d', context_carrier={'traceparent': '00-aa0b0167bc59013afdc87f29ebb79fc1-44e08c5eaf71e0ac-01'}, task=<Task(SQLExecuteQueryOperator): call_load_dimensions>, bundle_instance=LocalDagBundle(name=dags-folder), max_tries=1, start_date=datetime.datetime(2026, 4, 29, 10, 51, 49, 315715, tzinfo=datetime.timezone.utc), end_date=None, state=<TaskInstanceState.RUNNING: 'running'>, is_mapped=False, rendered_map_index=None, sentry_integration='')","logger":"task","filename":"task_runner.py","lineno":1724}
{"timestamp":"2026-04-29T11:08:44.573805Z","level":"info","event":"Task instance in success state","logger":"task.stdout"}
{"timestamp":"2026-04-29T11:08:44.574125Z","level":"info","event":" Previous state of the Task instance: TaskInstanceState.RUNNING","logger":"task.stdout"}
{"timestamp":"2026-04-29T11:08:44.574340Z","level":"info","event":"Task operator:<Task(SQLExecuteQueryOperator): call_load_dimensions>","logger":"task.stdout"}
