{"timestamp":"2026-04-29T09:50:53.408900Z","level":"info","event":"DAG bundles loaded: dags-folder, example_dags","logger":"airflow.dag_processing.bundles.manager.DagBundlesManager","filename":"manager.py","lineno":209}
{"timestamp":"2026-04-29T09:50:53.410424Z","level":"info","event":"Filling up the DagBag from /opt/airflow/dags/airline_dwh_dag.py","logger":"airflow.dag_processing.dagbag.BundleDagBag","filename":"dagbag.py","lineno":469}
{"timestamp":"2026-04-29T09:50:53.460256Z","level":"info","event":"Task instance is in running state","logger":"task.stdout"}
{"timestamp":"2026-04-29T09:50:53.460810Z","level":"info","event":" Previous state of the Task instance: TaskInstanceState.QUEUED","logger":"task.stdout"}
{"timestamp":"2026-04-29T09:50:53.461018Z","level":"info","event":"Current task name:call_load_fact","logger":"task.stdout"}
{"timestamp":"2026-04-29T09:50:53.461189Z","level":"info","event":"Dag name:airline_dwh_pipeline","logger":"task.stdout"}
{"timestamp":"2026-04-29T09:50:53.460782Z","level":"info","event":"Executing: BEGIN; CALL core.load_fact_flight(); COMMIT;","logger":"airflow.task.operators.airflow.providers.common.sql.operators.sql.SQLExecuteQueryOperator","filename":"sql.py","lineno":410}
{"timestamp":"2026-04-29T09:50:53.578328Z","level":"warning","event":"urllib3 (2.6.3) or chardet (6.0.0.post1)/charset_normalizer (3.4.7) doesn't match a supported version!","category":"RequestsDependencyWarning","filename":"/home/airflow/.local/lib/python3.13/site-packages/snowflake/connector/vendored/requests/__init__.py","lineno":113,"logger":"py.warnings"}
{"timestamp":"2026-04-29T09:50:53.661901Z","level":"info","event":"Snowflake Connector for Python Version: 4.4.0, Python Version: 3.13.13, Platform: Linux-6.6.87.2-microsoft-standard-WSL2-x86_64-with-glibc2.36","logger":"snowflake.connector.connection","filename":"connection.py","lineno":620}
{"timestamp":"2026-04-29T09:50:53.662573Z","level":"info","event":"Connecting to GLOBAL Snowflake domain","logger":"snowflake.connector.connection","filename":"connection.py","lineno":1716}
{"timestamp":"2026-04-29T09:50:55.089182Z","level":"info","event":"Running statement: BEGIN;, parameters: None","logger":"airflow.task.hooks.airflow.providers.snowflake.hooks.snowflake.SnowflakeHook","filename":"snowflake.py","lineno":784}
{"timestamp":"2026-04-29T09:50:55.089320Z","level":"info","event":"Running statement: BEGIN;, parameters: None","logger":"airflow.task.hooks.airflow.providers.snowflake.hooks.snowflake.SnowflakeHook","filename":"sql.py","lineno":861}
{"timestamp":"2026-04-29T09:50:55.554601Z","level":"info","event":"Rows affected: 1","logger":"airflow.task.hooks.airflow.providers.snowflake.hooks.snowflake.SnowflakeHook","filename":"sql.py","lineno":879}
{"timestamp":"2026-04-29T09:50:55.554883Z","level":"info","event":"Rows affected: 1","logger":"airflow.task.hooks.airflow.providers.snowflake.hooks.snowflake.SnowflakeHook","filename":"snowflake.py","lineno":797}
{"timestamp":"2026-04-29T09:50:55.554937Z","level":"info","event":"Snowflake query id: 01c407ce-0005-2e03-0001-614e000736ce","logger":"airflow.task.hooks.airflow.providers.snowflake.hooks.snowflake.SnowflakeHook","filename":"snowflake.py","lineno":798}
{"timestamp":"2026-04-29T09:50:55.554996Z","level":"info","event":"Running statement: CALL core.load_fact_flight();, parameters: None","logger":"airflow.task.hooks.airflow.providers.snowflake.hooks.snowflake.SnowflakeHook","filename":"snowflake.py","lineno":784}
{"timestamp":"2026-04-29T09:50:55.555039Z","level":"info","event":"Running statement: CALL core.load_fact_flight();, parameters: None","logger":"airflow.task.hooks.airflow.providers.snowflake.hooks.snowflake.SnowflakeHook","filename":"sql.py","lineno":861}
{"timestamp":"2026-04-29T09:56:23.551279Z","level":"error","event":"Task failed with exception","logger":"task","filename":"task_runner.py","lineno":1347,"error_detail":[{"exc_type":"ProgrammingError","exc_value":"000904 (42000): 01c407ce-0005-2dea-0001-614e00072b5e: Uncaught exception of type 'STATEMENT_ERROR' on line 32 at position 4 : SQL compilation error: error line 2 at position 74\ninvalid identifier 'SQLROWCOUNT'","exc_notes":[],"syntax_error":null,"is_cause":false,"frames":[{"filename":"/home/airflow/.local/lib/python3.13/site-packages/airflow/sdk/execution_time/task_runner.py","lineno":1263,"name":"run"},{"filename":"/home/airflow/.local/lib/python3.13/site-packages/airflow/sdk/execution_time/task_runner.py","lineno":1678,"name":"_execute_task"},{"filename":"/home/airflow/.local/lib/python3.13/site-packages/airflow/sdk/bases/operator.py","lineno":443,"name":"wrapper"},{"filename":"/home/airflow/.local/lib/python3.13/site-packages/airflow/providers/common/sql/operators/sql.py","lineno":416,"name":"execute"},{"filename":"/home/airflow/.local/lib/python3.13/site-packages/airflow/providers/snowflake/hooks/snowflake.py","lineno":785,"name":"run"},{"filename":"/home/airflow/.local/lib/python3.13/site-packages/airflow/providers/common/sql/hooks/sql.py","lineno":869,"name":"_run_command"},{"filename":"/home/airflow/.local/lib/python3.13/site-packages/snowflake/connector/cursor.py","lineno":1144,"name":"execute"},{"filename":"/home/airflow/.local/lib/python3.13/site-packages/snowflake/connector/errors.py","lineno":298,"name":"errorhandler_wrapper"},{"filename":"/home/airflow/.local/lib/python3.13/site-packages/snowflake/connector/errors.py","lineno":354,"name":"hand_to_other_handler"},{"filename":"/home/airflow/.local/lib/python3.13/site-packages/snowflake/connector/errors.py","lineno":229,"name":"default_errorhandler"}],"is_group":false,"exceptions":[]}]}
{"timestamp":"2026-04-29T09:56:23.574617Z","level":"info","event":"Task instance in failure state","logger":"task.stdout"}
{"timestamp":"2026-04-29T09:56:23.575408Z","level":"info","event":"Task start","logger":"task.stdout"}
{"timestamp":"2026-04-29T09:56:23.575693Z","level":"info","event":"Task:<Task(SQLExecuteQueryOperator): call_load_fact>","logger":"task.stdout"}
{"timestamp":"2026-04-29T09:56:23.575927Z","level":"info","event":"Failure caused by 000904 (42000): 01c407ce-0005-2dea-0001-614e00072b5e: Uncaught exception of type 'STATEMENT_ERROR' on line 32 at position 4 : SQL compilation error: error line 2 at position 74","logger":"task.stdout"}
{"timestamp":"2026-04-29T09:56:23.576134Z","level":"info","event":"invalid identifier 'SQLROWCOUNT'","logger":"task.stdout"}
