{"timestamp":"2026-04-29T09:15:48.128427Z","level":"info","event":"DAG bundles loaded: dags-folder, example_dags","logger":"airflow.dag_processing.bundles.manager.DagBundlesManager","filename":"manager.py","lineno":209}
{"timestamp":"2026-04-29T09:15:48.129959Z","level":"info","event":"Filling up the DagBag from /opt/airflow/dags/airline_dwh_dag.py","logger":"airflow.dag_processing.dagbag.BundleDagBag","filename":"dagbag.py","lineno":469}
{"timestamp":"2026-04-29T09:15:48.184442Z","level":"info","event":"Task instance is in running state","logger":"task.stdout"}
{"timestamp":"2026-04-29T09:15:48.185007Z","level":"info","event":" Previous state of the Task instance: TaskInstanceState.QUEUED","logger":"task.stdout"}
{"timestamp":"2026-04-29T09:15:48.185223Z","level":"info","event":"Current task name:call_load_dimensions","logger":"task.stdout"}
{"timestamp":"2026-04-29T09:15:48.185414Z","level":"info","event":"Dag name:airline_dwh_pipeline","logger":"task.stdout"}
{"timestamp":"2026-04-29T09:15:48.184999Z","level":"info","event":"Executing: BEGIN; CALL core.load_dimensions(); COMMIT;","logger":"airflow.task.operators.airflow.providers.common.sql.operators.sql.SQLExecuteQueryOperator","filename":"sql.py","lineno":410}
{"timestamp":"2026-04-29T09:15:48.340240Z","level":"warning","event":"urllib3 (2.6.3) or chardet (6.0.0.post1)/charset_normalizer (3.4.7) doesn't match a supported version!","category":"RequestsDependencyWarning","filename":"/home/airflow/.local/lib/python3.13/site-packages/snowflake/connector/vendored/requests/__init__.py","lineno":113,"logger":"py.warnings"}
{"timestamp":"2026-04-29T09:15:48.549519Z","level":"info","event":"Snowflake Connector for Python Version: 4.4.0, Python Version: 3.13.13, Platform: Linux-6.6.87.2-microsoft-standard-WSL2-x86_64-with-glibc2.36","logger":"snowflake.connector.connection","filename":"connection.py","lineno":620}
{"timestamp":"2026-04-29T09:15:48.550181Z","level":"info","event":"Connecting to GLOBAL Snowflake domain","logger":"snowflake.connector.connection","filename":"connection.py","lineno":1716}
{"timestamp":"2026-04-29T09:15:49.986740Z","level":"info","event":"Running statement: BEGIN;, parameters: None","logger":"airflow.task.hooks.airflow.providers.snowflake.hooks.snowflake.SnowflakeHook","filename":"snowflake.py","lineno":784}
{"timestamp":"2026-04-29T09:15:49.986886Z","level":"info","event":"Running statement: BEGIN;, parameters: None","logger":"airflow.task.hooks.airflow.providers.snowflake.hooks.snowflake.SnowflakeHook","filename":"sql.py","lineno":861}
{"timestamp":"2026-04-29T09:15:51.496783Z","level":"info","event":"Rows affected: 1","logger":"airflow.task.hooks.airflow.providers.snowflake.hooks.snowflake.SnowflakeHook","filename":"sql.py","lineno":879}
{"timestamp":"2026-04-29T09:15:51.497052Z","level":"info","event":"Rows affected: 1","logger":"airflow.task.hooks.airflow.providers.snowflake.hooks.snowflake.SnowflakeHook","filename":"snowflake.py","lineno":797}
{"timestamp":"2026-04-29T09:15:51.497109Z","level":"info","event":"Snowflake query id: 01c407ab-0005-2dea-0001-614e0005f7ee","logger":"airflow.task.hooks.airflow.providers.snowflake.hooks.snowflake.SnowflakeHook","filename":"snowflake.py","lineno":798}
{"timestamp":"2026-04-29T09:15:51.497147Z","level":"info","event":"Running statement: CALL core.load_dimensions();, parameters: None","logger":"airflow.task.hooks.airflow.providers.snowflake.hooks.snowflake.SnowflakeHook","filename":"snowflake.py","lineno":784}
{"timestamp":"2026-04-29T09:15:51.497182Z","level":"info","event":"Running statement: CALL core.load_dimensions();, parameters: None","logger":"airflow.task.hooks.airflow.providers.snowflake.hooks.snowflake.SnowflakeHook","filename":"sql.py","lineno":861}
{"timestamp":"2026-04-29T09:15:56.088365Z","level":"info","event":"Rows affected: 1","logger":"airflow.task.hooks.airflow.providers.snowflake.hooks.snowflake.SnowflakeHook","filename":"sql.py","lineno":879}
{"timestamp":"2026-04-29T09:15:56.088738Z","level":"info","event":"Rows affected: 1","logger":"airflow.task.hooks.airflow.providers.snowflake.hooks.snowflake.SnowflakeHook","filename":"snowflake.py","lineno":797}
{"timestamp":"2026-04-29T09:15:56.088873Z","level":"info","event":"Snowflake query id: 01c407ab-0005-2e72-0001-614e00062252","logger":"airflow.task.hooks.airflow.providers.snowflake.hooks.snowflake.SnowflakeHook","filename":"snowflake.py","lineno":798}
{"timestamp":"2026-04-29T09:15:56.088958Z","level":"info","event":"Running statement: COMMIT;, parameters: None","logger":"airflow.task.hooks.airflow.providers.snowflake.hooks.snowflake.SnowflakeHook","filename":"snowflake.py","lineno":784}
{"timestamp":"2026-04-29T09:15:56.089017Z","level":"info","event":"Running statement: COMMIT;, parameters: None","logger":"airflow.task.hooks.airflow.providers.snowflake.hooks.snowflake.SnowflakeHook","filename":"sql.py","lineno":861}
{"timestamp":"2026-04-29T09:15:56.764557Z","level":"info","event":"Rows affected: 1","logger":"airflow.task.hooks.airflow.providers.snowflake.hooks.snowflake.SnowflakeHook","filename":"sql.py","lineno":879}
{"timestamp":"2026-04-29T09:15:56.764792Z","level":"info","event":"Rows affected: 1","logger":"airflow.task.hooks.airflow.providers.snowflake.hooks.snowflake.SnowflakeHook","filename":"snowflake.py","lineno":797}
{"timestamp":"2026-04-29T09:15:56.764860Z","level":"info","event":"Snowflake query id: 01c407ab-0005-2e8b-0001-614e0006306a","logger":"airflow.task.hooks.airflow.providers.snowflake.hooks.snowflake.SnowflakeHook","filename":"snowflake.py","lineno":798}
{"timestamp":"2026-04-29T09:15:57.025382Z","level":"info","event":"Pushing xcom","ti":"RuntimeTaskInstance(id=UUID('019dd885-c524-7285-a5e9-116c8bdb6002'), task_id='call_load_dimensions', dag_id='airline_dwh_pipeline', run_id='manual__2026-04-29T09:15:38.644508+00:00', try_number=1, dag_version_id=UUID('019dd885-b187-79c4-a461-a52ccf433d8e'), map_index=-1, hostname='30791c28725d', context_carrier={'traceparent': '00-87efe799e3969b1f9d659e275bfc4a23-59c7eae44a12db95-01'}, task=<Task(SQLExecuteQueryOperator): call_load_dimensions>, bundle_instance=LocalDagBundle(name=dags-folder), max_tries=1, start_date=datetime.datetime(2026, 4, 29, 9, 15, 47, 731080, tzinfo=datetime.timezone.utc), end_date=None, state=<TaskInstanceState.RUNNING: 'running'>, is_mapped=False, rendered_map_index=None, sentry_integration='')","logger":"task","filename":"task_runner.py","lineno":1724}
{"timestamp":"2026-04-29T09:15:57.095200Z","level":"info","event":"Task instance in success state","logger":"task.stdout"}
{"timestamp":"2026-04-29T09:15:57.095520Z","level":"info","event":" Previous state of the Task instance: TaskInstanceState.RUNNING","logger":"task.stdout"}
{"timestamp":"2026-04-29T09:15:57.095792Z","level":"info","event":"Task operator:<Task(SQLExecuteQueryOperator): call_load_dimensions>","logger":"task.stdout"}
